..\almbldr\src\cfgdesc.cpp 
..\almbldr\src\colorpal.cpp 
..\almbldr\src\compdesc.cpp 
..\almbldr\src\evntdesc.cpp 
..\almbldr\src\flows.cpp 
..\almbldr\src\funcdesc.cpp 
..\almbldr\src\iconedit.cpp 
..\almbldr\src\methdesc.cpp 
..\almbldr\src\objdesc.cpp 
..\almbldr\src\params.cpp 
..\almbldr\src\pixelwin.cpp 
..\almbldr\src\response.cpp 
..\almbldr\src\routines.cpp 
..\almbldr\src\sericon.cpp 
..\almbldr\src\typeary.cpp
..\memio\src\array.cpp 
..\memio\src\baseblk.cpp 
..\memio\src\baserecb.cpp 
..\memio\src\chunklib.cpp 
..\memio\src\dbsarray.cpp 
..\memio\src\dbstring.cpp 
..\memio\src\exrecblk.cpp 
..\memio\src\exserblk.cpp 
..\memio\src\exserrec.cpp 
..\memio\src\exstring.cpp 
..\memio\src\fastrecm.cpp 
..\memio\src\fileobj.cpp 
..\memio\src\list.cpp 
..\memio\src\memblk.cpp 
..\memio\src\memclass.cpp 
..\memio\src\memlib.cpp 
..\memio\src\recblk.cpp 
..\memio\src\rtreclst.cpp 
..\memio\src\serblk.cpp 
..\memio\src\serrec.cpp 
..\memio\src\strspace.cpp 
..\memio\src\tstring.cpp 
..\memio\src\uidarray.cpp 
..\memio\src\uidtable.cpp 
..\kernel\src\oiputils.cpp 
..\kernel\src\system.cpp 
..\kernel\src\systemmi.cpp 
..\apebldr\src\apbutil.cpp 
..\apebldr\src\basewin.cpp 
..\apebldr\src\bitree.cpp
..\apebldr\src\cfglibp.cpp 
..\apebldr\src\clipcom.cpp 
..\apebldr\src\clipflow.cpp 
..\apebldr\src\clipfunc.cpp 
..\apebldr\src\clipgrup.cpp
..\apebldr\src\cliphead.cpp 
..\apebldr\src\clipobj.cpp 
..\apebldr\src\clipparm.cpp 
..\apebldr\src\clipsjt.cpp 
..\apebldr\src\comment.cpp 
..\apebldr\src\compstat.cpp 
..\apebldr\src\datasmgr.cpp 
..\apebldr\src\dibitmap.cpp
..\apebldr\src\exeevntl.cpp 
..\apebldr\src\exeflwmg.cpp 
..\apebldr\src\exefunc.cpp 
..\apebldr\src\exehead.cpp 
..\apebldr\src\exelibl.cpp 
..\apebldr\src\exelistb.cpp 
..\apebldr\src\exeobjs.cpp 
..\apebldr\src\exeproc.cpp 
..\apebldr\src\exeprocl.cpp 
..\apebldr\src\exerespl.cpp 
..\apebldr\src\exetypes.cpp 
..\apebldr\src\flow.cpp 
..\apebldr\src\flowmgr.cpp 
..\apebldr\src\font.cpp 
..\apebldr\src\funcinst.cpp 
..\apebldr\src\fwinobj.cpp 
..\apebldr\src\helpcls.cpp 
..\apebldr\src\mdiclass.cpp 
..\apebldr\src\msgwin.cpp 
..\apebldr\src\mtypelst.cpp
..\apebldr\src\navcls.cpp 
..\apebldr\src\objgroup.cpp 
..\apebldr\src\objinst.cpp 
..\apebldr\src\objshare.cpp 
..\apebldr\src\objtype.cpp 
..\apebldr\src\openfile.cpp 
..\apebldr\src\ownerlst.cpp 
..\apebldr\src\palette.cpp 
..\apebldr\src\param.cpp 
..\apebldr\src\popupmen.cpp 
..\apebldr\src\printer.cpp 
..\apebldr\src\prjwin.cpp 
..\apebldr\src\progsys.cpp 
..\apebldr\src\project.cpp 
..\apebldr\src\scopstak.cpp 
..\apebldr\src\serprog.cpp 
..\apebldr\src\sjtwin.cpp 
..\apebldr\src\srchmgr.cpp 
..\apebldr\src\subject.cpp 
..\apebldr\src\uidlist.cpp 
..\apebldr\src\unitree.cpp
..\apebldr\src\winlist.cpp 
..\apebldr\src\wrksheet.cpp 
..\apebldr\src\zlist.cpp 
demo.cpp
