# Object DLLs
BIN                     applicat\obj\aw32sysm.dll
BIN                     balloon\obj\tips32.dll
BIN                     browser\obj\aw32brws.dll
BIN                     button\obj\aw32butn.dll
BIN                     calc\obj\aw32calc.dll
BIN                     cursor\obj\aw32acur.dll
BIN                     database\obj\aw32datb.dll
BIN                     date\obj\aw32date.dll
BIN                     fileops\obj\aw32flop.dll
BIN                     file\obj\aw32file.dll
BIN                     flag\obj\aw32flag.dll
BIN                     general\obj\aw32gnrl.dll
BIN                     loop\obj\aw32loop.dll
BIN                     menus\obj\aw32menu.dll
BIN                     notify\obj\aw32ntfy.dll
BIN                     number\obj\aw32nmbr.dll
BIN                     poly\obj\aw32poly.dll
BIN                     radgroup\obj\aw32radg.dll
BIN                     resizer\obj\resize32.dll
BIN                     shapes\obj\aw32shap.dll
BIN                     sub\obj\aw32subr.dll
BIN                     table\obj\aw32tabl.dll
BIN                     textfact\obj\aw32tfct.dll
BIN                     text\obj\aw32text.dll
BIN                     time\obj\aw32time.dll
BIN                     window\obj\aw32wnd.dll
BIN                     w_layout\obj\aw32wlay.dll

# Object API header files
INCLUDE                 include\attribut.h
INCLUDE                 include\balloon.h
INCLUDE                 include\op_wnd.h
INCLUDE                 include\o_button.h
INCLUDE                 include\o_comm.h
INCLUDE                 include\o_datb.h
INCLUDE                 include\o_date.h
INCLUDE                 include\o_flag.h
INCLUDE                 include\o_genrl.h
INCLUDE                 include\o_list.h
INCLUDE                 include\o_menus.h
INCLUDE                 include\o_number.h
INCLUDE                 include\o_table.h
INCLUDE                 include\o_text.h
INCLUDE                 include\o_time.h
INCLUDE                 include\o_upsf.h
INCLUDE                 include\o_wnd.h
INCLUDE                 include\o_wndgrp.h
INCLUDE                 include\o_wndlay.h
INCLUDE                 include\o_wndshp.h
INCLUDE                 include\op_dview.h

# Object API library files
LIB                     balloon\obj\tips32.lib
LIB                     button\obj\aw32butn.lib
LIB                     database\obj\aw32datb.lib
LIB                     date\obj\aw32date.lib
LIB                     flag\obj\aw32flag.lib
LIB                     menus\obj\aw32menu.lib
LIB                     number\obj\aw32nmbr.lib
LIB                     table\obj\aw32tabl.lib
LIB                     text\obj\aw32text.lib
LIB                     time\obj\aw32time.lib
LIB                     window\obj\aw32wnd.lib

CONFIGS                 configs\AWUSACUR.ALM
CONFIGS                 configs\AWUSBRWS.ALM
CONFIGS                 configs\AWUSBUTN.ALM
CONFIGS                 configs\AWUSCALC.ALM
CONFIGS                 configs\AWUSDATB.ALM
CONFIGS                 configs\AWUSDATE.ALM
CONFIGS                 configs\AWUSFILE.ALM
CONFIGS                 configs\AWUSFLAG.ALM
CONFIGS                 configs\AWUSFLOP.ALM
CONFIGS                 configs\AWUSGNRL.ALM
CONFIGS                 configs\AWUSLOOP.ALM
CONFIGS                 configs\AWUSMENB.ALM
CONFIGS                 configs\AWUSMENI.ALM
CONFIGS                 configs\AWUSMENU.ALM
CONFIGS                 configs\AWUSNMBR.ALM
CONFIGS                 configs\AWUSNTFY.ALM
CONFIGS                 configs\AWUSPOLY.ALM
CONFIGS                 configs\AWUSRADG.ALM
CONFIGS                 configs\AWUSSUBR.ALM
CONFIGS                 configs\AWUSSYSM.ALM
CONFIGS                 configs\AWUSTABL.ALM
CONFIGS                 configs\AWUSTEXT.ALM
CONFIGS                 configs\AWUSTFCT.ALM
CONFIGS                 configs\AWUSTIME.ALM
CONFIGS                 configs\AWUSWND.ALM
