..\memio\src\array.cpp
..\memio\src\baseblk.cpp
..\memio\src\baserecb.cpp
..\memio\src\chunklib.cpp
..\memio\src\dbsarray.cpp
..\memio\src\dbstring.cpp
..\memio\src\exrecblk.cpp
..\memio\src\exserblk.cpp
..\memio\src\exserrec.cpp
..\memio\src\exstring.cpp
..\memio\src\fastrecm.cpp
..\memio\src\fileobj.cpp
..\memio\src\list.cpp
..\memio\src\memclass.cpp
..\memio\src\memlib.cpp
..\memio\src\recblk.cpp
..\memio\src\rtrec.cpp
..\memio\src\serblk.cpp
..\memio\src\serrec.cpp
..\memio\src\strspace.cpp
..\memio\src\tstring.cpp
..\memio\src\uidarray.cpp
..\memio\src\uidtable.cpp
..\kernel\src\fnameobj.cpp
..\kernel\src\system.cpp
..\kernel\src\systemmi.cpp
..\apebldr\src\dibitmap.cpp
..\apebldr\src\splshdis.cpp
..\apebldr\src\winlist.cpp
src\cfgdesc.cpp
src\cfglib.cpp
src\colorpal.cpp
src\compdesc.cpp
src\devsys.cpp
src\edcfgdlg.cpp
src\evntdesc.cpp
src\evtdsdlg.cpp
src\fhelpdlg.cpp
src\flows.cpp
src\flwdsdlg.cpp
src\funcdesc.cpp
src\fundsdlg.cpp
src\iconedit.cpp
src\mdiapp.cpp
src\mdichild.cpp
src\methdesc.cpp
src\newcomp.cpp
src\objdesc.cpp
src\objdsdlg.cpp
src\params.cpp
src\pixelwin.cpp
src\prmdsdlg.cpp
src\respdlg.cpp
src\response.cpp
src\routines.cpp
src\rplcdll.cpp
src\rplchelp.cpp
src\serdev.cpp
src\sericon.cpp
src\typeary.cpp
src\utility.cpp
